Total sizes:
Used stat D/IRAM:   71186 bytes ( 274670 remain, 20.6% used)
      .data size:   11900 bytes
      .bss  size:    3200 bytes
      .text size:   55059 bytes
   .vectors size:    1027 bytes
Used Flash size :  132883 bytes
           .text:   99451 bytes
         .rodata:   33176 bytes
Total image size:  200869 bytes (.bin may be padded larger)
