Total sizes:
Used static DRAM:   47596 bytes (  76984 remain, 38.2% used)
      .data size:   21452 bytes
      .bss  size:   26144 bytes
Used static IRAM:  128706 bytes (   2366 remain, 98.2% used)
      .text size:  127679 bytes
   .vectors size:    1027 bytes
Used Flash size :  935695 bytes
           .text:  753375 bytes
         .rodata:  182064 bytes
Total image size: 1085853 bytes (.bin may be padded larger)
