Total sizes:
Used static DRAM:   62152 bytes ( 118584 remain, 34.4% used)
      .data size:    8704 bytes
      .bss  size:    2248 bytes
 DRAM other size:   51200 bytes
Used static IRAM:   49598 bytes (  81474 remain, 37.8% used)
      .text size:   48571 bytes
   .vectors size:    1027 bytes
Used Flash size :  117866 bytes
           .text:   79958 bytes
         .rodata:   37652 bytes
Total image size:  176168 bytes (.bin may be padded larger)
