Total sizes:
Used static DRAM:   33464 bytes ( 147272 remain, 18.5% used)
      .data size:   17464 bytes
      .bss  size:   16000 bytes
Used static IRAM:  181518 bytes ( -50446 remain, 138.5% used) Overflow detected! You can run idf.py size-files for more information.
      .text size:  180491 bytes
   .vectors size:    1027 bytes
Used Flash size :  524075 bytes
           .text:  432171 bytes
         .rodata:   91648 bytes
Total image size:  723057 bytes (.bin may be padded larger)
